[INFO] Scanning for projects...
[INFO] 
[INFO] -----------------------< com.mchub:backend-java >-----------------------
[INFO] Building TheMCHub-Java 1.0.0
[INFO]   from pom.xml
[INFO] --------------------------------[ jar ]---------------------------------
[INFO] 
[INFO] --- resources:3.3.1:resources (default-resources) @ backend-java ---
[INFO] Copying 1 resource from src\main\resources to target\classes
[INFO] Copying 0 resource from src\main\resources to target\classes
[INFO] 
[INFO] --- compiler:3.11.0:compile (default-compile) @ backend-java ---
[INFO] Changes detected - recompiling the module! :source
[INFO] Compiling 160 source files with javac [debug release 21] to target\classes
[INFO] -------------------------------------------------------------
[ERROR] COMPILATION ERROR : 
[INFO] -------------------------------------------------------------
[ERROR] /D:/ProjectCode/TheMCHub/The-MC-Hub-Java-Backend/src/main/java/com/mchub/services/impl/AuthServiceImpl.java:[27,8] class AuthServiceServiceImpl is public, should be declared in a file named AuthServiceServiceImpl.java
[ERROR] /D:/ProjectCode/TheMCHub/The-MC-Hub-Java-Backend/src/main/java/com/mchub/mapper/CouponMapper.java:[17,22] cannot find symbol
  symbol:   method getMaxUses()
  location: variable coupon of type com.mchub.models.Coupon
[ERROR] /D:/ProjectCode/TheMCHub/The-MC-Hub-Java-Backend/src/main/java/com/mchub/mapper/CouponMapper.java:[17,54] cannot find symbol
  symbol:   method getMaxUses()
  location: variable coupon of type com.mchub.models.Coupon
[ERROR] /D:/ProjectCode/TheMCHub/The-MC-Hub-Java-Backend/src/main/java/com/mchub/mapper/CouponMapper.java:[17,76] cannot find symbol
  symbol:   method getUsedCount()
  location: variable coupon of type com.mchub.models.Coupon
[ERROR] /D:/ProjectCode/TheMCHub/The-MC-Hub-Java-Backend/src/main/java/com/mchub/controllers/PaymentController.java:[55,13] cannot find symbol
  symbol:   variable log
  location: class com.mchub.controllers.PaymentController
[ERROR] /D:/ProjectCode/TheMCHub/The-MC-Hub-Java-Backend/src/main/java/com/mchub/services/impl/CouponServiceImpl.java:[25,46] cannot find symbol
  symbol:   method getCode()
  location: variable req of type com.mchub.dto.CreateCouponRequest
[ERROR] /D:/ProjectCode/TheMCHub/The-MC-Hub-Java-Backend/src/main/java/com/mchub/services/impl/CouponServiceImpl.java:[28,31] cannot find symbol
  symbol:   method builder()
  location: class com.mchub.models.Coupon
[ERROR] /D:/ProjectCode/TheMCHub/The-MC-Hub-Java-Backend/src/main/java/com/mchub/services/impl/CouponServiceImpl.java:[29,22] cannot find symbol
  symbol:   method getCode()
  location: variable req of type com.mchub.dto.CreateCouponRequest
[ERROR] /D:/ProjectCode/TheMCHub/The-MC-Hub-Java-Backend/src/main/java/com/mchub/services/impl/CouponServiceImpl.java:[30,29] cannot find symbol
  symbol:   method getDescription()
  location: variable req of type com.mchub.dto.CreateCouponRequest
[ERROR] /D:/ProjectCode/TheMCHub/The-MC-Hub-Java-Backend/src/main/java/com/mchub/services/impl/CouponServiceImpl.java:[31,30] cannot find symbol
  symbol:   method getDiscountType()
  location: variable req of type com.mchub.dto.CreateCouponRequest
[ERROR] /D:/ProjectCode/TheMCHub/The-MC-Hub-Java-Backend/src/main/java/com/mchub/services/impl/CouponServiceImpl.java:[32,31] cannot find symbol
  symbol:   method getDiscountValue()
  location: variable req of type com.mchub.dto.CreateCouponRequest
[ERROR] /D:/ProjectCode/TheMCHub/The-MC-Hub-Java-Backend/src/main/java/com/mchub/services/impl/CouponServiceImpl.java:[33,33] cannot find symbol
  symbol:   method getMinBookingValue()
  location: variable req of type com.mchub.dto.CreateCouponRequest
[ERROR] /D:/ProjectCode/TheMCHub/The-MC-Hub-Java-Backend/src/main/java/com/mchub/services/impl/CouponServiceImpl.java:[34,35] cannot find symbol
  symbol:   method getMaxDiscountAmount()
  location: variable req of type com.mchub.dto.CreateCouponRequest
[ERROR] /D:/ProjectCode/TheMCHub/The-MC-Hub-Java-Backend/src/main/java/com/mchub/services/impl/CouponServiceImpl.java:[35,25] cannot find symbol
  symbol:   method getMaxUses()
  location: variable req of type com.mchub.dto.CreateCouponRequest
[ERROR] /D:/ProjectCode/TheMCHub/The-MC-Hub-Java-Backend/src/main/java/com/mchub/services/impl/CouponServiceImpl.java:[35,48] cannot find symbol
  symbol:   method getMaxUses()
  location: variable req of type com.mchub.dto.CreateCouponRequest
[ERROR] /D:/ProjectCode/TheMCHub/The-MC-Hub-Java-Backend/src/main/java/com/mchub/services/impl/CouponServiceImpl.java:[36,38] cannot find symbol
  symbol:   method getApplicableEventTypes()
  location: variable req of type com.mchub.dto.CreateCouponRequest
[ERROR] /D:/ProjectCode/TheMCHub/The-MC-Hub-Java-Backend/src/main/java/com/mchub/services/impl/CouponServiceImpl.java:[37,27] cannot find symbol
  symbol:   method getExpiredAt()
  location: variable req of type com.mchub.dto.CreateCouponRequest
[ERROR] /D:/ProjectCode/TheMCHub/The-MC-Hub-Java-Backend/src/main/java/com/mchub/services/impl/CouponServiceImpl.java:[49,19] cannot find symbol
  symbol:   method getExpiredAt()
  location: variable coupon of type com.mchub.models.Coupon
[ERROR] /D:/ProjectCode/TheMCHub/The-MC-Hub-Java-Backend/src/main/java/com/mchub/services/impl/CouponServiceImpl.java:[49,52] cannot find symbol
  symbol:   method getExpiredAt()
  location: variable coupon of type com.mchub.models.Coupon
[ERROR] /D:/ProjectCode/TheMCHub/The-MC-Hub-Java-Backend/src/main/java/com/mchub/services/impl/CouponServiceImpl.java:[52,19] cannot find symbol
  symbol:   method getMaxUses()
  location: variable coupon of type com.mchub.models.Coupon
[ERROR] /D:/ProjectCode/TheMCHub/The-MC-Hub-Java-Backend/src/main/java/com/mchub/services/impl/CouponServiceImpl.java:[52,46] cannot find symbol
  symbol:   method getUsedCount()
  location: variable coupon of type com.mchub.models.Coupon
[ERROR] /D:/ProjectCode/TheMCHub/The-MC-Hub-Java-Backend/src/main/java/com/mchub/services/impl/CouponServiceImpl.java:[52,71] cannot find symbol
  symbol:   method getMaxUses()
  location: variable coupon of type com.mchub.models.Coupon
[ERROR] /D:/ProjectCode/TheMCHub/The-MC-Hub-Java-Backend/src/main/java/com/mchub/services/impl/CouponServiceImpl.java:[55,35] cannot find symbol
  symbol:   method getMinBookingValue()
  location: variable coupon of type com.mchub.models.Coupon
[ERROR] /D:/ProjectCode/TheMCHub/The-MC-Hub-Java-Backend/src/main/java/com/mchub/services/impl/CouponServiceImpl.java:[57,73] cannot find symbol
  symbol:   method getMinBookingValue()
  location: variable coupon of type com.mchub.models.Coupon
[ERROR] /D:/ProjectCode/TheMCHub/The-MC-Hub-Java-Backend/src/main/java/com/mchub/services/impl/CouponServiceImpl.java:[62,23] cannot find symbol
  symbol:   method getDiscountType()
  location: variable coupon of type com.mchub.models.Coupon
[ERROR] /D:/ProjectCode/TheMCHub/The-MC-Hub-Java-Backend/src/main/java/com/mchub/services/impl/CouponServiceImpl.java:[64,50] cannot find symbol
  symbol:   method getDiscountValue()
  location: variable coupon of type com.mchub.models.Coupon
[ERROR] /D:/ProjectCode/TheMCHub/The-MC-Hub-Java-Backend/src/main/java/com/mchub/services/impl/CouponServiceImpl.java:[65,27] cannot find symbol
  symbol:   method getMaxDiscountAmount()
  location: variable coupon of type com.mchub.models.Coupon
[ERROR] /D:/ProjectCode/TheMCHub/The-MC-Hub-Java-Backend/src/main/java/com/mchub/services/impl/CouponServiceImpl.java:[66,57] cannot find symbol
  symbol:   method getMaxDiscountAmount()
  location: variable coupon of type com.mchub.models.Coupon
[ERROR] /D:/ProjectCode/TheMCHub/The-MC-Hub-Java-Backend/src/main/java/com/mchub/services/impl/CouponServiceImpl.java:[69,60] cannot find symbol
  symbol:   method getDiscountValue()
  location: variable coupon of type com.mchub.models.Coupon
[ERROR] /D:/ProjectCode/TheMCHub/The-MC-Hub-Java-Backend/src/main/java/com/mchub/services/impl/CouponServiceImpl.java:[73,35] cannot find symbol
  symbol:   method getUsedCount()
  location: variable coupon of type com.mchub.models.Coupon
[ERROR] /D:/ProjectCode/TheMCHub/The-MC-Hub-Java-Backend/src/main/java/com/mchub/services/impl/CouponServiceImpl.java:[83,33] cannot find symbol
  symbol:   method isActive()
  location: variable coupon of type com.mchub.models.Coupon
[ERROR] /D:/ProjectCode/TheMCHub/The-MC-Hub-Java-Backend/src/main/java/com/mchub/config/JwtAuthenticationFilter.java:[81,17] cannot find symbol
  symbol:   variable log
  location: class com.mchub.config.JwtAuthenticationFilter
[ERROR] /D:/ProjectCode/TheMCHub/The-MC-Hub-Java-Backend/src/main/java/com/mchub/config/JwtAuthenticationFilter.java:[86,13] cannot find symbol
  symbol:   variable log
  location: class com.mchub.config.JwtAuthenticationFilter
[ERROR] /D:/ProjectCode/TheMCHub/The-MC-Hub-Java-Backend/src/main/java/com/mchub/services/impl/BookingServiceImpl.java:[33,43] cannot find symbol
  symbol:   method getMc()
  location: variable req of type com.mchub.dto.CreateBookingRequest
[ERROR] /D:/ProjectCode/TheMCHub/The-MC-Hub-Java-Backend/src/main/java/com/mchub/services/impl/BookingServiceImpl.java:[33,57] cannot find symbol
  symbol:   method getEventDate()
  location: variable req of type com.mchub.dto.CreateBookingRequest
[ERROR] /D:/ProjectCode/TheMCHub/The-MC-Hub-Java-Backend/src/main/java/com/mchub/services/impl/BookingServiceImpl.java:[33,77] cannot find symbol
  symbol:   method getStartTime()
  location: variable req of type com.mchub.dto.CreateBookingRequest
[ERROR] /D:/ProjectCode/TheMCHub/The-MC-Hub-Java-Backend/src/main/java/com/mchub/services/impl/BookingServiceImpl.java:[33,97] cannot find symbol
  symbol:   method getEndTime()
  location: variable req of type com.mchub.dto.CreateBookingRequest
[ERROR] /D:/ProjectCode/TheMCHub/The-MC-Hub-Java-Backend/src/main/java/com/mchub/services/impl/BookingServiceImpl.java:[38,34] cannot find symbol
  symbol:   method builder()
  location: class com.mchub.models.Booking
[ERROR] /D:/ProjectCode/TheMCHub/The-MC-Hub-Java-Backend/src/main/java/com/mchub/services/impl/BookingServiceImpl.java:[40,24] cannot find symbol
  symbol:   method getMc()
  location: variable req of type com.mchub.dto.CreateBookingRequest
[ERROR] /D:/ProjectCode/TheMCHub/The-MC-Hub-Java-Backend/src/main/java/com/mchub/services/impl/BookingServiceImpl.java:[41,31] cannot find symbol
  symbol:   method getEventDate()
  location: variable req of type com.mchub.dto.CreateBookingRequest
[ERROR] /D:/ProjectCode/TheMCHub/The-MC-Hub-Java-Backend/src/main/java/com/mchub/services/impl/BookingServiceImpl.java:[42,31] cannot find symbol
  symbol:   method getEventName()
  location: variable req of type com.mchub.dto.CreateBookingRequest
[ERROR] /D:/ProjectCode/TheMCHub/The-MC-Hub-Java-Backend/src/main/java/com/mchub/services/impl/BookingServiceImpl.java:[43,31] cannot find symbol
  symbol:   method getStartTime()
  location: variable req of type com.mchub.dto.CreateBookingRequest
[ERROR] /D:/ProjectCode/TheMCHub/The-MC-Hub-Java-Backend/src/main/java/com/mchub/services/impl/BookingServiceImpl.java:[44,29] cannot find symbol
  symbol:   method getEndTime()
  location: variable req of type com.mchub.dto.CreateBookingRequest
[ERROR] /D:/ProjectCode/TheMCHub/The-MC-Hub-Java-Backend/src/main/java/com/mchub/services/impl/BookingServiceImpl.java:[45,30] cannot find symbol
  symbol:   method getLocation()
  location: variable req of type com.mchub.dto.CreateBookingRequest
[ERROR] /D:/ProjectCode/TheMCHub/The-MC-Hub-Java-Backend/src/main/java/com/mchub/services/impl/BookingServiceImpl.java:[46,31] cannot find symbol
  symbol:   method getEventType()
  location: variable req of type com.mchub.dto.CreateBookingRequest
[ERROR] /D:/ProjectCode/TheMCHub/The-MC-Hub-Java-Backend/src/main/java/com/mchub/services/impl/BookingServiceImpl.java:[47,33] cannot find symbol
  symbol:   method getDescription()
  location: variable req of type com.mchub.dto.CreateBookingRequest
[ERROR] /D:/ProjectCode/TheMCHub/The-MC-Hub-Java-Backend/src/main/java/com/mchub/services/impl/BookingServiceImpl.java:[48,34] cannot find symbol
  symbol:   method getAudienceSize()
  location: variable req of type com.mchub.dto.CreateBookingRequest
[ERROR] /D:/ProjectCode/TheMCHub/The-MC-Hub-Java-Backend/src/main/java/com/mchub/services/impl/BookingServiceImpl.java:[49,28] cannot find symbol
  symbol:   method getBudget()
  location: variable req of type com.mchub.dto.CreateBookingRequest
[ERROR] /D:/ProjectCode/TheMCHub/The-MC-Hub-Java-Backend/src/main/java/com/mchub/services/impl/BookingServiceImpl.java:[50,37] cannot find symbol
  symbol:   method getSpecialRequests()
  location: variable req of type com.mchub.dto.CreateBookingRequest
[ERROR] /D:/ProjectCode/TheMCHub/The-MC-Hub-Java-Backend/src/main/java/com/mchub/services/impl/BookingServiceImpl.java:[51,32] cannot find symbol
  symbol:   method getCouponCode()
  location: variable req of type com.mchub.dto.CreateBookingRequest
[ERROR] /D:/ProjectCode/TheMCHub/The-MC-Hub-Java-Backend/src/main/java/com/mchub/services/impl/BookingServiceImpl.java:[67,21] cannot find symbol
  symbol:   method getMc()
  location: variable booking of type com.mchub.models.Booking
[ERROR] /D:/ProjectCode/TheMCHub/The-MC-Hub-Java-Backend/src/main/java/com/mchub/services/impl/BookingServiceImpl.java:[71,16] cannot find symbol
  symbol:   method setStatus(com.mchub.enums.BookingStatus)
  location: variable booking of type com.mchub.models.Booking
[ERROR] /D:/ProjectCode/TheMCHub/The-MC-Hub-Java-Backend/src/main/java/com/mchub/services/impl/BookingServiceImpl.java:[72,16] cannot find symbol
  symbol:   method setDecidedAt(java.time.LocalDateTime)
  location: variable booking of type com.mchub.models.Booking
[ERROR] /D:/ProjectCode/TheMCHub/The-MC-Hub-Java-Backend/src/main/java/com/mchub/services/impl/BookingServiceImpl.java:[74,20] cannot find symbol
  symbol:   method setPrice(java.lang.Double)
  location: variable booking of type com.mchub.models.Booking
[ERROR] /D:/ProjectCode/TheMCHub/The-MC-Hub-Java-Backend/src/main/java/com/mchub/services/impl/BookingServiceImpl.java:[84,21] cannot find symbol
  symbol:   method getClient()
  location: variable booking of type com.mchub.models.Booking
[ERROR] /D:/ProjectCode/TheMCHub/The-MC-Hub-Java-Backend/src/main/java/com/mchub/services/impl/BookingServiceImpl.java:[87,20] cannot find symbol
  symbol:   method getStatus()
  location: variable booking of type com.mchub.models.Booking
[ERROR] /D:/ProjectCode/TheMCHub/The-MC-Hub-Java-Backend/src/main/java/com/mchub/services/impl/BookingServiceImpl.java:[91,16] cannot find symbol
  symbol:   method setStatus(com.mchub.enums.BookingStatus)
  location: variable booking of type com.mchub.models.Booking
[ERROR] /D:/ProjectCode/TheMCHub/The-MC-Hub-Java-Backend/src/main/java/com/mchub/services/impl/BookingServiceImpl.java:[118,82] cannot find symbol
  symbol:   method getId()
  location: variable booking of type com.mchub.models.Booking
[ERROR] /D:/ProjectCode/TheMCHub/The-MC-Hub-Java-Backend/src/main/java/com/mchub/services/impl/BookingServiceImpl.java:[124,86] cannot find symbol
  symbol:   method getId()
  location: variable booking of type com.mchub.models.Booking
[ERROR] /D:/ProjectCode/TheMCHub/The-MC-Hub-Java-Backend/src/main/java/com/mchub/services/impl/BookingServiceImpl.java:[140,15] cannot find symbol
  symbol:   method getEventDate()
  location: variable b of type com.mchub.models.Booking
[ERROR] /D:/ProjectCode/TheMCHub/The-MC-Hub-Java-Backend/src/main/java/com/mchub/services/impl/BookingServiceImpl.java:[142,33] cannot find symbol
  symbol:   method getEndTime()
  location: variable b of type com.mchub.models.Booking
[ERROR] /D:/ProjectCode/TheMCHub/The-MC-Hub-Java-Backend/src/main/java/com/mchub/services/impl/BookingServiceImpl.java:[142,70] cannot find symbol
  symbol:   method getStartTime()
  location: variable b of type com.mchub.models.Booking
[ERROR] /D:/ProjectCode/TheMCHub/The-MC-Hub-Java-Backend/src/main/java/com/mchub/services/impl/AuthServiceImpl.java:[36,45] cannot find symbol
  symbol:   method getEmail()
  location: variable req of type com.mchub.dto.RegisterRequest
[ERROR] /D:/ProjectCode/TheMCHub/The-MC-Hub-Java-Backend/src/main/java/com/mchub/services/impl/AuthServiceImpl.java:[41,16] cannot find symbol
  symbol:   method getRole()
  location: variable req of type com.mchub.dto.RegisterRequest
[ERROR] /D:/ProjectCode/TheMCHub/The-MC-Hub-Java-Backend/src/main/java/com/mchub/services/impl/AuthServiceImpl.java:[43,55] cannot find symbol
  symbol:   method getRole()
  location: variable req of type com.mchub.dto.RegisterRequest
[ERROR] /D:/ProjectCode/TheMCHub/The-MC-Hub-Java-Backend/src/main/java/com/mchub/services/impl/AuthServiceImpl.java:[50,25] cannot find symbol
  symbol:   method builder()
  location: class com.mchub.models.User
[ERROR] /D:/ProjectCode/TheMCHub/The-MC-Hub-Java-Backend/src/main/java/com/mchub/services/impl/AuthServiceImpl.java:[51,26] cannot find symbol
  symbol:   method getName()
  location: variable req of type com.mchub.dto.RegisterRequest
[ERROR] /D:/ProjectCode/TheMCHub/The-MC-Hub-Java-Backend/src/main/java/com/mchub/services/impl/AuthServiceImpl.java:[52,27] cannot find symbol
  symbol:   method getEmail()
  location: variable req of type com.mchub.dto.RegisterRequest
[ERROR] /D:/ProjectCode/TheMCHub/The-MC-Hub-Java-Backend/src/main/java/com/mchub/services/impl/AuthServiceImpl.java:[53,53] cannot find symbol
  symbol:   method getPassword()
  location: variable req of type com.mchub.dto.RegisterRequest
[ERROR] /D:/ProjectCode/TheMCHub/The-MC-Hub-Java-Backend/src/main/java/com/mchub/services/impl/AuthServiceImpl.java:[55,33] cannot find symbol
  symbol:   method getPhoneNumber()
  location: variable req of type com.mchub.dto.RegisterRequest
[ERROR] /D:/ProjectCode/TheMCHub/The-MC-Hub-Java-Backend/src/main/java/com/mchub/services/impl/AuthServiceImpl.java:[56,25] cannot find symbol
  symbol:   method getBio()
  location: variable req of type com.mchub.dto.RegisterRequest
[ERROR] /D:/ProjectCode/TheMCHub/The-MC-Hub-Java-Backend/src/main/java/com/mchub/services/impl/AuthServiceImpl.java:[56,48] cannot find symbol
  symbol:   method getBio()
  location: variable req of type com.mchub.dto.RegisterRequest
[ERROR] /D:/ProjectCode/TheMCHub/The-MC-Hub-Java-Backend/src/main/java/com/mchub/services/impl/AuthServiceImpl.java:[64,65] cannot find symbol
  symbol:   method getId()
  location: variable savedUser of type com.mchub.models.User
[ERROR] /D:/ProjectCode/TheMCHub/The-MC-Hub-Java-Backend/src/main/java/com/mchub/services/impl/AuthServiceImpl.java:[75,18] cannot find symbol
  symbol:   method isActive()
  location: variable user of type com.mchub.models.User
[ERROR] /D:/ProjectCode/TheMCHub/The-MC-Hub-Java-Backend/src/main/java/com/mchub/services/impl/AuthServiceImpl.java:[80,17] cannot find symbol
  symbol:   method getPassword()
  location: variable user of type com.mchub.models.User
[ERROR] /D:/ProjectCode/TheMCHub/The-MC-Hub-Java-Backend/src/main/java/com/mchub/services/impl/AuthServiceImpl.java:[80,58] cannot find symbol
  symbol:   method getPassword()
  location: variable user of type com.mchub.models.User
[ERROR] /D:/ProjectCode/TheMCHub/The-MC-Hub-Java-Backend/src/main/java/com/mchub/services/impl/AuthServiceImpl.java:[81,61] cannot find symbol
  symbol:   method getPassword()
  location: variable user of type com.mchub.models.User
[ERROR] /D:/ProjectCode/TheMCHub/The-MC-Hub-Java-Backend/src/main/java/com/mchub/services/impl/AuthServiceImpl.java:[83,43] cannot find symbol
  symbol:   method getPassword()
  location: variable user of type com.mchub.models.User
[ERROR] /D:/ProjectCode/TheMCHub/The-MC-Hub-Java-Backend/src/main/java/com/mchub/services/impl/AuthServiceImpl.java:[84,32] cannot find symbol
  symbol:   method getId()
  location: variable user of type com.mchub.models.User
[ERROR] /D:/ProjectCode/TheMCHub/The-MC-Hub-Java-Backend/src/main/java/com/mchub/services/impl/AuthServiceImpl.java:[85,64] cannot find symbol
  symbol:   method getId()
  location: variable user of type com.mchub.models.User
[ERROR] /D:/ProjectCode/TheMCHub/The-MC-Hub-Java-Backend/src/main/java/com/mchub/services/impl/AuthServiceImpl.java:[93,53] cannot find symbol
  symbol:   method getId()
  location: variable user of type com.mchub.models.User
[ERROR] /D:/ProjectCode/TheMCHub/The-MC-Hub-Java-Backend/src/main/java/com/mchub/services/impl/AuthServiceImpl.java:[93,67] cannot find symbol
  symbol:   method getRole()
  location: variable user of type com.mchub.models.User
[ERROR] /D:/ProjectCode/TheMCHub/The-MC-Hub-Java-Backend/src/main/java/com/mchub/services/impl/AuthServiceImpl.java:[101,17] cannot find symbol
  symbol:   method setPassword(java.lang.String)
  location: variable user of type com.mchub.models.User
[ERROR] /D:/ProjectCode/TheMCHub/The-MC-Hub-Java-Backend/src/main/java/com/mchub/services/impl/AuthServiceImpl.java:[111,14] cannot find symbol
  symbol:   method setPassword(java.lang.String)
  location: variable u of type com.mchub.models.User
[ERROR] /D:/ProjectCode/TheMCHub/The-MC-Hub-Java-Backend/src/main/java/com/mchub/services/impl/AuthServiceImpl.java:[119,38] cannot find symbol
  symbol:   method builder()
  location: class com.mchub.models.MCProfile
[ERROR] /D:/ProjectCode/TheMCHub/The-MC-Hub-Java-Backend/src/main/java/com/mchub/services/impl/AuthServiceImpl.java:[125,33] cannot find symbol
  symbol:   method getId()
  location: variable saved of type com.mchub.models.MCProfile
[ERROR] /D:/ProjectCode/TheMCHub/The-MC-Hub-Java-Backend/src/main/java/com/mchub/services/impl/MCProfileServiceImpl.java:[39,49] cannot find symbol
  symbol:   method getPrice()
  location: variable b of type com.mchub.models.Booking
[ERROR] /D:/ProjectCode/TheMCHub/The-MC-Hub-Java-Backend/src/main/java/com/mchub/services/impl/MCProfileServiceImpl.java:[47,65] cannot find symbol
  symbol:   method getStatus()
  location: variable profile of type com.mchub.models.MCProfile
[ERROR] /D:/ProjectCode/TheMCHub/The-MC-Hub-Java-Backend/src/main/java/com/mchub/services/impl/MCProfileServiceImpl.java:[51,58] cannot find symbol
  symbol:   method getRating()
  location: variable profile of type com.mchub.models.MCProfile
[ERROR] /D:/ProjectCode/TheMCHub/The-MC-Hub-Java-Backend/src/main/java/com/mchub/services/impl/MCProfileServiceImpl.java:[52,64] cannot find symbol
  symbol:   method getReviewsCount()
  location: variable profile of type com.mchub.models.MCProfile
[ERROR] /D:/ProjectCode/TheMCHub/The-MC-Hub-Java-Backend/src/main/java/com/mchub/services/impl/MCProfileServiceImpl.java:[65,17] cannot find symbol
  symbol:   method setUser(java.lang.String)
  location: variable existing of type com.mchub.models.MCProfile
[ERROR] /D:/ProjectCode/TheMCHub/The-MC-Hub-Java-Backend/src/main/java/com/mchub/services/impl/MCProfileServiceImpl.java:[66,24] cannot find symbol
  symbol:   method getExperience()
  location: variable profileData of type com.mchub.models.MCProfile
[ERROR] /D:/ProjectCode/TheMCHub/The-MC-Hub-Java-Backend/src/main/java/com/mchub/services/impl/MCProfileServiceImpl.java:[67,47] cannot find symbol
  symbol:   method getExperience()
  location: variable profileData of type com.mchub.models.MCProfile
[ERROR] /D:/ProjectCode/TheMCHub/The-MC-Hub-Java-Backend/src/main/java/com/mchub/services/impl/MCProfileServiceImpl.java:[69,24] cannot find symbol
  symbol:   method getBiography()
  location: variable profileData of type com.mchub.models.MCProfile
[ERROR] /D:/ProjectCode/TheMCHub/The-MC-Hub-Java-Backend/src/main/java/com/mchub/services/impl/MCProfileServiceImpl.java:[70,46] cannot find symbol
  symbol:   method getBiography()
  location: variable profileData of type com.mchub.models.MCProfile
[ERROR] /D:/ProjectCode/TheMCHub/The-MC-Hub-Java-Backend/src/main/java/com/mchub/services/impl/MCProfileServiceImpl.java:[72,24] cannot find symbol
  symbol:   method getStyles()
  location: variable profileData of type com.mchub.models.MCProfile
[ERROR] /D:/ProjectCode/TheMCHub/The-MC-Hub-Java-Backend/src/main/java/com/mchub/services/impl/MCProfileServiceImpl.java:[72,60] cannot find symbol
  symbol:   method getStyles()
  location: variable profileData of type com.mchub.models.MCProfile
[ERROR] /D:/ProjectCode/TheMCHub/The-MC-Hub-Java-Backend/src/main/java/com/mchub/services/impl/MCProfileServiceImpl.java:[73,43] cannot find symbol
  symbol:   method getStyles()
  location: variable profileData of type com.mchub.models.MCProfile
[ERROR] /D:/ProjectCode/TheMCHub/The-MC-Hub-Java-Backend/src/main/java/com/mchub/services/impl/MCProfileServiceImpl.java:[75,24] cannot find symbol
  symbol:   method getEventTypes()
  location: variable profileData of type com.mchub.models.MCProfile
[ERROR] /D:/ProjectCode/TheMCHub/The-MC-Hub-Java-Backend/src/main/java/com/mchub/services/impl/MCProfileServiceImpl.java:[75,64] cannot find symbol
  symbol:   method getEventTypes()
  location: variable profileData of type com.mchub.models.MCProfile
[INFO] 100 errors 
[INFO] -------------------------------------------------------------
[INFO] ------------------------------------------------------------------------
[INFO] BUILD FAILURE
[INFO] ------------------------------------------------------------------------
[INFO] Total time:  2.932 s
[INFO] Finished at: 2026-04-19T21:25:05+07:00
[INFO] ------------------------------------------------------------------------
[ERROR] Failed to execute goal org.apache.maven.plugins:maven-compiler-plugin:3.11.0:compile (default-compile) on project backend-java: Compilation failure: Compilation failure: 
[ERROR] /D:/ProjectCode/TheMCHub/The-MC-Hub-Java-Backend/src/main/java/com/mchub/services/impl/AuthServiceImpl.java:[27,8] class AuthServiceServiceImpl is public, should be declared in a file named AuthServiceServiceImpl.java
[ERROR] /D:/ProjectCode/TheMCHub/The-MC-Hub-Java-Backend/src/main/java/com/mchub/mapper/CouponMapper.java:[17,22] cannot find symbol
[ERROR]   symbol:   method getMaxUses()
[ERROR]   location: variable coupon of type com.mchub.models.Coupon
[ERROR] /D:/ProjectCode/TheMCHub/The-MC-Hub-Java-Backend/src/main/java/com/mchub/mapper/CouponMapper.java:[17,54] cannot find symbol
[ERROR]   symbol:   method getMaxUses()
[ERROR]   location: variable coupon of type com.mchub.models.Coupon
[ERROR] /D:/ProjectCode/TheMCHub/The-MC-Hub-Java-Backend/src/main/java/com/mchub/mapper/CouponMapper.java:[17,76] cannot find symbol
[ERROR]   symbol:   method getUsedCount()
[ERROR]   location: variable coupon of type com.mchub.models.Coupon
[ERROR] /D:/ProjectCode/TheMCHub/The-MC-Hub-Java-Backend/src/main/java/com/mchub/controllers/PaymentController.java:[55,13] cannot find symbol
[ERROR]   symbol:   variable log
[ERROR]   location: class com.mchub.controllers.PaymentController
[ERROR] /D:/ProjectCode/TheMCHub/The-MC-Hub-Java-Backend/src/main/java/com/mchub/services/impl/CouponServiceImpl.java:[25,46] cannot find symbol
[ERROR]   symbol:   method getCode()
[ERROR]   location: variable req of type com.mchub.dto.CreateCouponRequest
[ERROR] /D:/ProjectCode/TheMCHub/The-MC-Hub-Java-Backend/src/main/java/com/mchub/services/impl/CouponServiceImpl.java:[28,31] cannot find symbol
[ERROR]   symbol:   method builder()
[ERROR]   location: class com.mchub.models.Coupon
[ERROR] /D:/ProjectCode/TheMCHub/The-MC-Hub-Java-Backend/src/main/java/com/mchub/services/impl/CouponServiceImpl.java:[29,22] cannot find symbol
[ERROR]   symbol:   method getCode()
[ERROR]   location: variable req of type com.mchub.dto.CreateCouponRequest
[ERROR] /D:/ProjectCode/TheMCHub/The-MC-Hub-Java-Backend/src/main/java/com/mchub/services/impl/CouponServiceImpl.java:[30,29] cannot find symbol
[ERROR]   symbol:   method getDescription()
[ERROR]   location: variable req of type com.mchub.dto.CreateCouponRequest
[ERROR] /D:/ProjectCode/TheMCHub/The-MC-Hub-Java-Backend/src/main/java/com/mchub/services/impl/CouponServiceImpl.java:[31,30] cannot find symbol
[ERROR]   symbol:   method getDiscountType()
[ERROR]   location: variable req of type com.mchub.dto.CreateCouponRequest
[ERROR] /D:/ProjectCode/TheMCHub/The-MC-Hub-Java-Backend/src/main/java/com/mchub/services/impl/CouponServiceImpl.java:[32,31] cannot find symbol
[ERROR]   symbol:   method getDiscountValue()
[ERROR]   location: variable req of type com.mchub.dto.CreateCouponRequest
[ERROR] /D:/ProjectCode/TheMCHub/The-MC-Hub-Java-Backend/src/main/java/com/mchub/services/impl/CouponServiceImpl.java:[33,33] cannot find symbol
[ERROR]   symbol:   method getMinBookingValue()
[ERROR]   location: variable req of type com.mchub.dto.CreateCouponRequest
[ERROR] /D:/ProjectCode/TheMCHub/The-MC-Hub-Java-Backend/src/main/java/com/mchub/services/impl/CouponServiceImpl.java:[34,35] cannot find symbol
[ERROR]   symbol:   method getMaxDiscountAmount()
[ERROR]   location: variable req of type com.mchub.dto.CreateCouponRequest
[ERROR] /D:/ProjectCode/TheMCHub/The-MC-Hub-Java-Backend/src/main/java/com/mchub/services/impl/CouponServiceImpl.java:[35,25] cannot find symbol
[ERROR]   symbol:   method getMaxUses()
[ERROR]   location: variable req of type com.mchub.dto.CreateCouponRequest
[ERROR] /D:/ProjectCode/TheMCHub/The-MC-Hub-Java-Backend/src/main/java/com/mchub/services/impl/CouponServiceImpl.java:[35,48] cannot find symbol
[ERROR]   symbol:   method getMaxUses()
[ERROR]   location: variable req of type com.mchub.dto.CreateCouponRequest
[ERROR] /D:/ProjectCode/TheMCHub/The-MC-Hub-Java-Backend/src/main/java/com/mchub/services/impl/CouponServiceImpl.java:[36,38] cannot find symbol
[ERROR]   symbol:   method getApplicableEventTypes()
[ERROR]   location: variable req of type com.mchub.dto.CreateCouponRequest
[ERROR] /D:/ProjectCode/TheMCHub/The-MC-Hub-Java-Backend/src/main/java/com/mchub/services/impl/CouponServiceImpl.java:[37,27] cannot find symbol
[ERROR]   symbol:   method getExpiredAt()
[ERROR]   location: variable req of type com.mchub.dto.CreateCouponRequest
[ERROR] /D:/ProjectCode/TheMCHub/The-MC-Hub-Java-Backend/src/main/java/com/mchub/services/impl/CouponServiceImpl.java:[49,19] cannot find symbol
[ERROR]   symbol:   method getExpiredAt()
[ERROR]   location: variable coupon of type com.mchub.models.Coupon
[ERROR] /D:/ProjectCode/TheMCHub/The-MC-Hub-Java-Backend/src/main/java/com/mchub/services/impl/CouponServiceImpl.java:[49,52] cannot find symbol
[ERROR]   symbol:   method getExpiredAt()
[ERROR]   location: variable coupon of type com.mchub.models.Coupon
[ERROR] /D:/ProjectCode/TheMCHub/The-MC-Hub-Java-Backend/src/main/java/com/mchub/services/impl/CouponServiceImpl.java:[52,19] cannot find symbol
[ERROR]   symbol:   method getMaxUses()
[ERROR]   location: variable coupon of type com.mchub.models.Coupon
[ERROR] /D:/ProjectCode/TheMCHub/The-MC-Hub-Java-Backend/src/main/java/com/mchub/services/impl/CouponServiceImpl.java:[52,46] cannot find symbol
[ERROR]   symbol:   method getUsedCount()
[ERROR]   location: variable coupon of type com.mchub.models.Coupon
[ERROR] /D:/ProjectCode/TheMCHub/The-MC-Hub-Java-Backend/src/main/java/com/mchub/services/impl/CouponServiceImpl.java:[52,71] cannot find symbol
[ERROR]   symbol:   method getMaxUses()
[ERROR]   location: variable coupon of type com.mchub.models.Coupon
[ERROR] /D:/ProjectCode/TheMCHub/The-MC-Hub-Java-Backend/src/main/java/com/mchub/services/impl/CouponServiceImpl.java:[55,35] cannot find symbol
[ERROR]   symbol:   method getMinBookingValue()
[ERROR]   location: variable coupon of type com.mchub.models.Coupon
[ERROR] /D:/ProjectCode/TheMCHub/The-MC-Hub-Java-Backend/src/main/java/com/mchub/services/impl/CouponServiceImpl.java:[57,73] cannot find symbol
[ERROR]   symbol:   method getMinBookingValue()
[ERROR]   location: variable coupon of type com.mchub.models.Coupon
[ERROR] /D:/ProjectCode/TheMCHub/The-MC-Hub-Java-Backend/src/main/java/com/mchub/services/impl/CouponServiceImpl.java:[62,23] cannot find symbol
[ERROR]   symbol:   method getDiscountType()
[ERROR]   location: variable coupon of type com.mchub.models.Coupon
[ERROR] /D:/ProjectCode/TheMCHub/The-MC-Hub-Java-Backend/src/main/java/com/mchub/services/impl/CouponServiceImpl.java:[64,50] cannot find symbol
[ERROR]   symbol:   method getDiscountValue()
[ERROR]   location: variable coupon of type com.mchub.models.Coupon
[ERROR] /D:/ProjectCode/TheMCHub/The-MC-Hub-Java-Backend/src/main/java/com/mchub/services/impl/CouponServiceImpl.java:[65,27] cannot find symbol
[ERROR]   symbol:   method getMaxDiscountAmount()
[ERROR]   location: variable coupon of type com.mchub.models.Coupon
[ERROR] /D:/ProjectCode/TheMCHub/The-MC-Hub-Java-Backend/src/main/java/com/mchub/services/impl/CouponServiceImpl.java:[66,57] cannot find symbol
[ERROR]   symbol:   method getMaxDiscountAmount()
[ERROR]   location: variable coupon of type com.mchub.models.Coupon
[ERROR] /D:/ProjectCode/TheMCHub/The-MC-Hub-Java-Backend/src/main/java/com/mchub/services/impl/CouponServiceImpl.java:[69,60] cannot find symbol
[ERROR]   symbol:   method getDiscountValue()
[ERROR]   location: variable coupon of type com.mchub.models.Coupon
[ERROR] /D:/ProjectCode/TheMCHub/The-MC-Hub-Java-Backend/src/main/java/com/mchub/services/impl/CouponServiceImpl.java:[73,35] cannot find symbol
[ERROR]   symbol:   method getUsedCount()
[ERROR]   location: variable coupon of type com.mchub.models.Coupon
[ERROR] /D:/ProjectCode/TheMCHub/The-MC-Hub-Java-Backend/src/main/java/com/mchub/services/impl/CouponServiceImpl.java:[83,33] cannot find symbol
[ERROR]   symbol:   method isActive()
[ERROR]   location: variable coupon of type com.mchub.models.Coupon
[ERROR] /D:/ProjectCode/TheMCHub/The-MC-Hub-Java-Backend/src/main/java/com/mchub/config/JwtAuthenticationFilter.java:[81,17] cannot find symbol
[ERROR]   symbol:   variable log
[ERROR]   location: class com.mchub.config.JwtAuthenticationFilter
[ERROR] /D:/ProjectCode/TheMCHub/The-MC-Hub-Java-Backend/src/main/java/com/mchub/config/JwtAuthenticationFilter.java:[86,13] cannot find symbol
[ERROR]   symbol:   variable log
[ERROR]   location: class com.mchub.config.JwtAuthenticationFilter
[ERROR] /D:/ProjectCode/TheMCHub/The-MC-Hub-Java-Backend/src/main/java/com/mchub/services/impl/BookingServiceImpl.java:[33,43] cannot find symbol
[ERROR]   symbol:   method getMc()
[ERROR]   location: variable req of type com.mchub.dto.CreateBookingRequest
[ERROR] /D:/ProjectCode/TheMCHub/The-MC-Hub-Java-Backend/src/main/java/com/mchub/services/impl/BookingServiceImpl.java:[33,57] cannot find symbol
[ERROR]   symbol:   method getEventDate()
[ERROR]   location: variable req of type com.mchub.dto.CreateBookingRequest
[ERROR] /D:/ProjectCode/TheMCHub/The-MC-Hub-Java-Backend/src/main/java/com/mchub/services/impl/BookingServiceImpl.java:[33,77] cannot find symbol
[ERROR]   symbol:   method getStartTime()
[ERROR]   location: variable req of type com.mchub.dto.CreateBookingRequest
[ERROR] /D:/ProjectCode/TheMCHub/The-MC-Hub-Java-Backend/src/main/java/com/mchub/services/impl/BookingServiceImpl.java:[33,97] cannot find symbol
[ERROR]   symbol:   method getEndTime()
[ERROR]   location: variable req of type com.mchub.dto.CreateBookingRequest
[ERROR] /D:/ProjectCode/TheMCHub/The-MC-Hub-Java-Backend/src/main/java/com/mchub/services/impl/BookingServiceImpl.java:[38,34] cannot find symbol
[ERROR]   symbol:   method builder()
[ERROR]   location: class com.mchub.models.Booking
[ERROR] /D:/ProjectCode/TheMCHub/The-MC-Hub-Java-Backend/src/main/java/com/mchub/services/impl/BookingServiceImpl.java:[40,24] cannot find symbol
[ERROR]   symbol:   method getMc()
[ERROR]   location: variable req of type com.mchub.dto.CreateBookingRequest
[ERROR] /D:/ProjectCode/TheMCHub/The-MC-Hub-Java-Backend/src/main/java/com/mchub/services/impl/BookingServiceImpl.java:[41,31] cannot find symbol
[ERROR]   symbol:   method getEventDate()
[ERROR]   location: variable req of type com.mchub.dto.CreateBookingRequest
[ERROR] /D:/ProjectCode/TheMCHub/The-MC-Hub-Java-Backend/src/main/java/com/mchub/services/impl/BookingServiceImpl.java:[42,31] cannot find symbol
[ERROR]   symbol:   method getEventName()
[ERROR]   location: variable req of type com.mchub.dto.CreateBookingRequest
[ERROR] /D:/ProjectCode/TheMCHub/The-MC-Hub-Java-Backend/src/main/java/com/mchub/services/impl/BookingServiceImpl.java:[43,31] cannot find symbol
[ERROR]   symbol:   method getStartTime()
[ERROR]   location: variable req of type com.mchub.dto.CreateBookingRequest
[ERROR] /D:/ProjectCode/TheMCHub/The-MC-Hub-Java-Backend/src/main/java/com/mchub/services/impl/BookingServiceImpl.java:[44,29] cannot find symbol
[ERROR]   symbol:   method getEndTime()
[ERROR]   location: variable req of type com.mchub.dto.CreateBookingRequest
[ERROR] /D:/ProjectCode/TheMCHub/The-MC-Hub-Java-Backend/src/main/java/com/mchub/services/impl/BookingServiceImpl.java:[45,30] cannot find symbol
[ERROR]   symbol:   method getLocation()
[ERROR]   location: variable req of type com.mchub.dto.CreateBookingRequest
[ERROR] /D:/ProjectCode/TheMCHub/The-MC-Hub-Java-Backend/src/main/java/com/mchub/services/impl/BookingServiceImpl.java:[46,31] cannot find symbol
[ERROR]   symbol:   method getEventType()
[ERROR]   location: variable req of type com.mchub.dto.CreateBookingRequest
[ERROR] /D:/ProjectCode/TheMCHub/The-MC-Hub-Java-Backend/src/main/java/com/mchub/services/impl/BookingServiceImpl.java:[47,33] cannot find symbol
[ERROR]   symbol:   method getDescription()
[ERROR]   location: variable req of type com.mchub.dto.CreateBookingRequest
[ERROR] /D:/ProjectCode/TheMCHub/The-MC-Hub-Java-Backend/src/main/java/com/mchub/services/impl/BookingServiceImpl.java:[48,34] cannot find symbol
[ERROR]   symbol:   method getAudienceSize()
[ERROR]   location: variable req of type com.mchub.dto.CreateBookingRequest
[ERROR] /D:/ProjectCode/TheMCHub/The-MC-Hub-Java-Backend/src/main/java/com/mchub/services/impl/BookingServiceImpl.java:[49,28] cannot find symbol
[ERROR]   symbol:   method getBudget()
[ERROR]   location: variable req of type com.mchub.dto.CreateBookingRequest
[ERROR] /D:/ProjectCode/TheMCHub/The-MC-Hub-Java-Backend/src/main/java/com/mchub/services/impl/BookingServiceImpl.java:[50,37] cannot find symbol
[ERROR]   symbol:   method getSpecialRequests()
[ERROR]   location: variable req of type com.mchub.dto.CreateBookingRequest
[ERROR] /D:/ProjectCode/TheMCHub/The-MC-Hub-Java-Backend/src/main/java/com/mchub/services/impl/BookingServiceImpl.java:[51,32] cannot find symbol
[ERROR]   symbol:   method getCouponCode()
[ERROR]   location: variable req of type com.mchub.dto.CreateBookingRequest
[ERROR] /D:/ProjectCode/TheMCHub/The-MC-Hub-Java-Backend/src/main/java/com/mchub/services/impl/BookingServiceImpl.java:[67,21] cannot find symbol
[ERROR]   symbol:   method getMc()
[ERROR]   location: variable booking of type com.mchub.models.Booking
[ERROR] /D:/ProjectCode/TheMCHub/The-MC-Hub-Java-Backend/src/main/java/com/mchub/services/impl/BookingServiceImpl.java:[71,16] cannot find symbol
[ERROR]   symbol:   method setStatus(com.mchub.enums.BookingStatus)
[ERROR]   location: variable booking of type com.mchub.models.Booking
[ERROR] /D:/ProjectCode/TheMCHub/The-MC-Hub-Java-Backend/src/main/java/com/mchub/services/impl/BookingServiceImpl.java:[72,16] cannot find symbol
[ERROR]   symbol:   method setDecidedAt(java.time.LocalDateTime)
[ERROR]   location: variable booking of type com.mchub.models.Booking
[ERROR] /D:/ProjectCode/TheMCHub/The-MC-Hub-Java-Backend/src/main/java/com/mchub/services/impl/BookingServiceImpl.java:[74,20] cannot find symbol
[ERROR]   symbol:   method setPrice(java.lang.Double)
[ERROR]   location: variable booking of type com.mchub.models.Booking
[ERROR] /D:/ProjectCode/TheMCHub/The-MC-Hub-Java-Backend/src/main/java/com/mchub/services/impl/BookingServiceImpl.java:[84,21] cannot find symbol
[ERROR]   symbol:   method getClient()
[ERROR]   location: variable booking of type com.mchub.models.Booking
[ERROR] /D:/ProjectCode/TheMCHub/The-MC-Hub-Java-Backend/src/main/java/com/mchub/services/impl/BookingServiceImpl.java:[87,20] cannot find symbol
[ERROR]   symbol:   method getStatus()
[ERROR]   location: variable booking of type com.mchub.models.Booking
[ERROR] /D:/ProjectCode/TheMCHub/The-MC-Hub-Java-Backend/src/main/java/com/mchub/services/impl/BookingServiceImpl.java:[91,16] cannot find symbol
[ERROR]   symbol:   method setStatus(com.mchub.enums.BookingStatus)
[ERROR]   location: variable booking of type com.mchub.models.Booking
[ERROR] /D:/ProjectCode/TheMCHub/The-MC-Hub-Java-Backend/src/main/java/com/mchub/services/impl/BookingServiceImpl.java:[118,82] cannot find symbol
[ERROR]   symbol:   method getId()
[ERROR]   location: variable booking of type com.mchub.models.Booking
[ERROR] /D:/ProjectCode/TheMCHub/The-MC-Hub-Java-Backend/src/main/java/com/mchub/services/impl/BookingServiceImpl.java:[124,86] cannot find symbol
[ERROR]   symbol:   method getId()
[ERROR]   location: variable booking of type com.mchub.models.Booking
[ERROR] /D:/ProjectCode/TheMCHub/The-MC-Hub-Java-Backend/src/main/java/com/mchub/services/impl/BookingServiceImpl.java:[140,15] cannot find symbol
[ERROR]   symbol:   method getEventDate()
[ERROR]   location: variable b of type com.mchub.models.Booking
[ERROR] /D:/ProjectCode/TheMCHub/The-MC-Hub-Java-Backend/src/main/java/com/mchub/services/impl/BookingServiceImpl.java:[142,33] cannot find symbol
[ERROR]   symbol:   method getEndTime()
[ERROR]   location: variable b of type com.mchub.models.Booking
[ERROR] /D:/ProjectCode/TheMCHub/The-MC-Hub-Java-Backend/src/main/java/com/mchub/services/impl/BookingServiceImpl.java:[142,70] cannot find symbol
[ERROR]   symbol:   method getStartTime()
[ERROR]   location: variable b of type com.mchub.models.Booking
[ERROR] /D:/ProjectCode/TheMCHub/The-MC-Hub-Java-Backend/src/main/java/com/mchub/services/impl/AuthServiceImpl.java:[36,45] cannot find symbol
[ERROR]   symbol:   method getEmail()
[ERROR]   location: variable req of type com.mchub.dto.RegisterRequest
[ERROR] /D:/ProjectCode/TheMCHub/The-MC-Hub-Java-Backend/src/main/java/com/mchub/services/impl/AuthServiceImpl.java:[41,16] cannot find symbol
[ERROR]   symbol:   method getRole()
[ERROR]   location: variable req of type com.mchub.dto.RegisterRequest
[ERROR] /D:/ProjectCode/TheMCHub/The-MC-Hub-Java-Backend/src/main/java/com/mchub/services/impl/AuthServiceImpl.java:[43,55] cannot find symbol
[ERROR]   symbol:   method getRole()
[ERROR]   location: variable req of type com.mchub.dto.RegisterRequest
[ERROR] /D:/ProjectCode/TheMCHub/The-MC-Hub-Java-Backend/src/main/java/com/mchub/services/impl/AuthServiceImpl.java:[50,25] cannot find symbol
[ERROR]   symbol:   method builder()
[ERROR]   location: class com.mchub.models.User
[ERROR] /D:/ProjectCode/TheMCHub/The-MC-Hub-Java-Backend/src/main/java/com/mchub/services/impl/AuthServiceImpl.java:[51,26] cannot find symbol
[ERROR]   symbol:   method getName()
[ERROR]   location: variable req of type com.mchub.dto.RegisterRequest
[ERROR] /D:/ProjectCode/TheMCHub/The-MC-Hub-Java-Backend/src/main/java/com/mchub/services/impl/AuthServiceImpl.java:[52,27] cannot find symbol
[ERROR]   symbol:   method getEmail()
[ERROR]   location: variable req of type com.mchub.dto.RegisterRequest
[ERROR] /D:/ProjectCode/TheMCHub/The-MC-Hub-Java-Backend/src/main/java/com/mchub/services/impl/AuthServiceImpl.java:[53,53] cannot find symbol
[ERROR]   symbol:   method getPassword()
[ERROR]   location: variable req of type com.mchub.dto.RegisterRequest
[ERROR] /D:/ProjectCode/TheMCHub/The-MC-Hub-Java-Backend/src/main/java/com/mchub/services/impl/AuthServiceImpl.java:[55,33] cannot find symbol
[ERROR]   symbol:   method getPhoneNumber()
[ERROR]   location: variable req of type com.mchub.dto.RegisterRequest
[ERROR] /D:/ProjectCode/TheMCHub/The-MC-Hub-Java-Backend/src/main/java/com/mchub/services/impl/AuthServiceImpl.java:[56,25] cannot find symbol
[ERROR]   symbol:   method getBio()
[ERROR]   location: variable req of type com.mchub.dto.RegisterRequest
[ERROR] /D:/ProjectCode/TheMCHub/The-MC-Hub-Java-Backend/src/main/java/com/mchub/services/impl/AuthServiceImpl.java:[56,48] cannot find symbol
[ERROR]   symbol:   method getBio()
[ERROR]   location: variable req of type com.mchub.dto.RegisterRequest
[ERROR] /D:/ProjectCode/TheMCHub/The-MC-Hub-Java-Backend/src/main/java/com/mchub/services/impl/AuthServiceImpl.java:[64,65] cannot find symbol
[ERROR]   symbol:   method getId()
[ERROR]   location: variable savedUser of type com.mchub.models.User
[ERROR] /D:/ProjectCode/TheMCHub/The-MC-Hub-Java-Backend/src/main/java/com/mchub/services/impl/AuthServiceImpl.java:[75,18] cannot find symbol
[ERROR]   symbol:   method isActive()
[ERROR]   location: variable user of type com.mchub.models.User
[ERROR] /D:/ProjectCode/TheMCHub/The-MC-Hub-Java-Backend/src/main/java/com/mchub/services/impl/AuthServiceImpl.java:[80,17] cannot find symbol
[ERROR]   symbol:   method getPassword()
[ERROR]   location: variable user of type com.mchub.models.User
[ERROR] /D:/ProjectCode/TheMCHub/The-MC-Hub-Java-Backend/src/main/java/com/mchub/services/impl/AuthServiceImpl.java:[80,58] cannot find symbol
[ERROR]   symbol:   method getPassword()
[ERROR]   location: variable user of type com.mchub.models.User
[ERROR] /D:/ProjectCode/TheMCHub/The-MC-Hub-Java-Backend/src/main/java/com/mchub/services/impl/AuthServiceImpl.java:[81,61] cannot find symbol
[ERROR]   symbol:   method getPassword()
[ERROR]   location: variable user of type com.mchub.models.User
[ERROR] /D:/ProjectCode/TheMCHub/The-MC-Hub-Java-Backend/src/main/java/com/mchub/services/impl/AuthServiceImpl.java:[83,43] cannot find symbol
[ERROR]   symbol:   method getPassword()
[ERROR]   location: variable user of type com.mchub.models.User
[ERROR] /D:/ProjectCode/TheMCHub/The-MC-Hub-Java-Backend/src/main/java/com/mchub/services/impl/AuthServiceImpl.java:[84,32] cannot find symbol
[ERROR]   symbol:   method getId()
[ERROR]   location: variable user of type com.mchub.models.User
[ERROR] /D:/ProjectCode/TheMCHub/The-MC-Hub-Java-Backend/src/main/java/com/mchub/services/impl/AuthServiceImpl.java:[85,64] cannot find symbol
[ERROR]   symbol:   method getId()
[ERROR]   location: variable user of type com.mchub.models.User
[ERROR] /D:/ProjectCode/TheMCHub/The-MC-Hub-Java-Backend/src/main/java/com/mchub/services/impl/AuthServiceImpl.java:[93,53] cannot find symbol
[ERROR]   symbol:   method getId()
[ERROR]   location: variable user of type com.mchub.models.User
[ERROR] /D:/ProjectCode/TheMCHub/The-MC-Hub-Java-Backend/src/main/java/com/mchub/services/impl/AuthServiceImpl.java:[93,67] cannot find symbol
[ERROR]   symbol:   method getRole()
[ERROR]   location: variable user of type com.mchub.models.User
[ERROR] /D:/ProjectCode/TheMCHub/The-MC-Hub-Java-Backend/src/main/java/com/mchub/services/impl/AuthServiceImpl.java:[101,17] cannot find symbol
[ERROR]   symbol:   method setPassword(java.lang.String)
[ERROR]   location: variable user of type com.mchub.models.User
[ERROR] /D:/ProjectCode/TheMCHub/The-MC-Hub-Java-Backend/src/main/java/com/mchub/services/impl/AuthServiceImpl.java:[111,14] cannot find symbol
[ERROR]   symbol:   method setPassword(java.lang.String)
[ERROR]   location: variable u of type com.mchub.models.User
[ERROR] /D:/ProjectCode/TheMCHub/The-MC-Hub-Java-Backend/src/main/java/com/mchub/services/impl/AuthServiceImpl.java:[119,38] cannot find symbol
[ERROR]   symbol:   method builder()
[ERROR]   location: class com.mchub.models.MCProfile
[ERROR] /D:/ProjectCode/TheMCHub/The-MC-Hub-Java-Backend/src/main/java/com/mchub/services/impl/AuthServiceImpl.java:[125,33] cannot find symbol
[ERROR]   symbol:   method getId()
[ERROR]   location: variable saved of type com.mchub.models.MCProfile
[ERROR] /D:/ProjectCode/TheMCHub/The-MC-Hub-Java-Backend/src/main/java/com/mchub/services/impl/MCProfileServiceImpl.java:[39,49] cannot find symbol
[ERROR]   symbol:   method getPrice()
[ERROR]   location: variable b of type com.mchub.models.Booking
[ERROR] /D:/ProjectCode/TheMCHub/The-MC-Hub-Java-Backend/src/main/java/com/mchub/services/impl/MCProfileServiceImpl.java:[47,65] cannot find symbol
[ERROR]   symbol:   method getStatus()
[ERROR]   location: variable profile of type com.mchub.models.MCProfile
[ERROR] /D:/ProjectCode/TheMCHub/The-MC-Hub-Java-Backend/src/main/java/com/mchub/services/impl/MCProfileServiceImpl.java:[51,58] cannot find symbol
[ERROR]   symbol:   method getRating()
[ERROR]   location: variable profile of type com.mchub.models.MCProfile
[ERROR] /D:/ProjectCode/TheMCHub/The-MC-Hub-Java-Backend/src/main/java/com/mchub/services/impl/MCProfileServiceImpl.java:[52,64] cannot find symbol
[ERROR]   symbol:   method getReviewsCount()
[ERROR]   location: variable profile of type com.mchub.models.MCProfile
[ERROR] /D:/ProjectCode/TheMCHub/The-MC-Hub-Java-Backend/src/main/java/com/mchub/services/impl/MCProfileServiceImpl.java:[65,17] cannot find symbol
[ERROR]   symbol:   method setUser(java.lang.String)
[ERROR]   location: variable existing of type com.mchub.models.MCProfile
[ERROR] /D:/ProjectCode/TheMCHub/The-MC-Hub-Java-Backend/src/main/java/com/mchub/services/impl/MCProfileServiceImpl.java:[66,24] cannot find symbol
[ERROR]   symbol:   method getExperience()
[ERROR]   location: variable profileData of type com.mchub.models.MCProfile
[ERROR] /D:/ProjectCode/TheMCHub/The-MC-Hub-Java-Backend/src/main/java/com/mchub/services/impl/MCProfileServiceImpl.java:[67,47] cannot find symbol
[ERROR]   symbol:   method getExperience()
[ERROR]   location: variable profileData of type com.mchub.models.MCProfile
[ERROR] /D:/ProjectCode/TheMCHub/The-MC-Hub-Java-Backend/src/main/java/com/mchub/services/impl/MCProfileServiceImpl.java:[69,24] cannot find symbol
[ERROR]   symbol:   method getBiography()
[ERROR]   location: variable profileData of type com.mchub.models.MCProfile
[ERROR] /D:/ProjectCode/TheMCHub/The-MC-Hub-Java-Backend/src/main/java/com/mchub/services/impl/MCProfileServiceImpl.java:[70,46] cannot find symbol
[ERROR]   symbol:   method getBiography()
[ERROR]   location: variable profileData of type com.mchub.models.MCProfile
[ERROR] /D:/ProjectCode/TheMCHub/The-MC-Hub-Java-Backend/src/main/java/com/mchub/services/impl/MCProfileServiceImpl.java:[72,24] cannot find symbol
[ERROR]   symbol:   method getStyles()
[ERROR]   location: variable profileData of type com.mchub.models.MCProfile
[ERROR] /D:/ProjectCode/TheMCHub/The-MC-Hub-Java-Backend/src/main/java/com/mchub/services/impl/MCProfileServiceImpl.java:[72,60] cannot find symbol
[ERROR]   symbol:   method getStyles()
[ERROR]   location: variable profileData of type com.mchub.models.MCProfile
[ERROR] /D:/ProjectCode/TheMCHub/The-MC-Hub-Java-Backend/src/main/java/com/mchub/services/impl/MCProfileServiceImpl.java:[73,43] cannot find symbol
[ERROR]   symbol:   method getStyles()
[ERROR]   location: variable profileData of type com.mchub.models.MCProfile
[ERROR] /D:/ProjectCode/TheMCHub/The-MC-Hub-Java-Backend/src/main/java/com/mchub/services/impl/MCProfileServiceImpl.java:[75,24] cannot find symbol
[ERROR]   symbol:   method getEventTypes()
[ERROR]   location: variable profileData of type com.mchub.models.MCProfile
[ERROR] /D:/ProjectCode/TheMCHub/The-MC-Hub-Java-Backend/src/main/java/com/mchub/services/impl/MCProfileServiceImpl.java:[75,64] cannot find symbol
[ERROR]   symbol:   method getEventTypes()
[ERROR]   location: variable profileData of type com.mchub.models.MCProfile
[ERROR] -> [Help 1]
[ERROR] 
[ERROR] To see the full stack trace of the errors, re-run Maven with the -e switch.
[ERROR] Re-run Maven using the -X switch to enable full debug logging.
[ERROR] 
[ERROR] For more information about the errors and possible solutions, please read the following articles:
[ERROR] [Help 1] http://cwiki.apache.org/confluence/display/MAVEN/MojoFailureException
